(f x y)
[]
(pair (the (forall ? ?) (poly ? (f x y)))
      [(not-in-scope f (-> ?3 ?5 ?6)) (not-in-scope x ?3) (not-in-scope y ?5)])
