(the ? (fn x x))
[]
(triple (the (forall ? (-> ? ?)) (poly ? (fn x x))) (forall ? (-> ? ?)) [])
