(the (poly x f) (forall a (-> a a)))
[(2-tuple f (-> A A))]
error: Couldn't match type A with actual rigid type a
