(the (poly x f) (forall a (-> a a)))
[]
error: Rigid variable a escaping its scope
