(f x)
[(2-tuple f (-> A B)) (2-tuple x C)]
error: Couldn't match expected type A with actual type C
