(x x)
[]
error: Occurs check, cannot construct infinite type ?1  ~  (-> ?1 ?2)
