(f x y)
[]
(2-tuple (the (poly ? (f x y)) (forall ? ?))
         [(not-in-scope f (-> ?3 ?5 ?6)) (not-in-scope x ?3) (not-in-scope
                                                                y ?5)])
