(id id)
[(2-tuple id (forall a (-> a a)))]
(3-tuple (the (poly ? (id @(-> ? ?) (id @?))) (forall ? (-> ? ?)))
         (forall ? (-> ? ?))
         [])
