(the (fn x x) ?)
[]
(2-tuple (the (poly ? (fn x x)) (forall ? (-> ? ?))) [])
