(the (poly x f) (forall a (-> a a)))
[(2-tuple f (-> A A))]
error: Couldn't match expected type (skolem x ?0) with actual type A
